629197255
773536032
561873496
927619112
152663839
519913717
298530163
112857566
851576255
96287611
